<html>
<body>
<pre>
<h1>µVision Build Log</h1>
<h2>Tool Versions:</h2>
IDE-Version: ÂµVision V5.42.0.0
Copyright (C) 2025 ARM Ltd and ARM Germany GmbH. All rights reserved.
License Information: a Windows, HP Inc., LIC=03C6R-KQ31D-GKBBG-VJ1ZY-2SW42-X9YLJ
 
Tool Versions:
Toolchain:       MDK-ARM Plus  Version: 5.42.0.0
Toolchain Path:  D:\Keil_v5\ARM\ARMCLANG\Bin
C Compiler:      ArmClang.exe V6.23
Assembler:       Armasm.exe V6.23
Linker/Locator:  ArmLink.exe V6.23
Library Manager: ArmAr.exe V6.23
Hex Converter:   FromElf.exe V6.23
CPU DLL:         SARMCM3.DLL V5.42.0.0
Dialog DLL:      DARMCM1.DLL V1.19.6.0
Target DLL:      CMSIS_AGDI.dll V1.33.22.0
Dialog DLL:      TARMCM1.DLL V1.14.6.0
 
<h2>Project:</h2>
D:\TI\M0_SDK\mspm0_sdk_2_02_00_05\26_E_Mspm0_template\keil\empty_LP_MSPM0G3507_nortos_keil.uvprojx
Project File Date:  05/22/2026

<h2>Output:</h2>
*** Using Compiler 'V6.23', folder: 'D:\Keil_v5\ARM\ARMCLANG\Bin'
Rebuild target 'empty_LP_MSPM0G3507_nortos_keil'
Before Build - User command #1: cmd.exe /C "D:\TI\M0_SDK\mspm0_sdk_2_02_00_05\26_E_Mspm0_template\keil\../../tools/keil/syscfg.bat 'D:\TI\M0_SDK\mspm0_sdk_2_02_00_05\26_E_Mspm0_template\keil\' empty.syscfg"
Using Sysconfig Tool from "D:\TI\SYSCONFIG\sysconfig_cli.bat"
"Update the file located at <sdk path>/tools/keil/syscfg.bat to use a different version"
Running script...
Validating...
info: ADC_track(/ti/driverlib/ADC12) totalConversionRate: When Power Down Mode is set to Auto, ADC wakeup time may need to be considered in each sample window. Refer to the device specific data sheet for specifications on the ADC Wakeup Time.
info: PWM_Motor(/ti/driverlib/PWM): Peripheral does not retain register contents in STOP or STANDBY modes. User should take care to save and restore register configuration in application. See Retention Configuration section for more details.
info: SPI_LCD(/ti/driverlib/SPI): Peripheral does not retain register contents in STOP or STANDBY modes. User should take care to save and restore register configuration in application. See Retention Configuration section for more details.
info: SPI_IMU(/ti/driverlib/SPI): Peripheral does not retain register contents in STOP or STANDBY modes. User should take care to save and restore register configuration in application. See Retention Configuration section for more details.
info: TIMER_0(/ti/driverlib/TIMER): Peripheral does not retain register contents in STOP or STANDBY modes. User should take care to save and restore register configuration in application. See Retention Configuration section for more details.
info: UART_1(/ti/driverlib/UART): Peripheral does not retain register contents in STOP or STANDBY modes. User should take care to save and restore register configuration in application. See Retention Configuration section for more details.
Generating Code (empty.syscfg)...
Unchanged D:\TI\M0_SDK\mspm0_sdk_2_02_00_05\26_E_Mspm0_template\ti_msp_dl_config.c...
Unchanged D:\TI\M0_SDK\mspm0_sdk_2_02_00_05\26_E_Mspm0_template\ti_msp_dl_config.h...
Unchanged D:\TI\M0_SDK\mspm0_sdk_2_02_00_05\26_E_Mspm0_template\Event.dot...
assembling startup_mspm0g350x_uvision.s...
compiling ti_msp_dl_config.c...
compiling main.c...
compiling Motor.c...
compiling Encoder.c...
compiling StandardPid.c...
compiling Serial.c...
compiling Solve.c...
compiling Track.c...
compiling track_position_ctrl.c...
compiling vofa.c...
compiling Navigation.c...
compiling lcd.c...
compiling lcd_init.c...
compiling imu_filter.c...
compiling zf_common_fifo.c...
compiling zf_common_function.c...
compiling zf_common_debug.c...
compiling zf_device_imu_interface.c...
compiling zf_device_imu660ra.c...
compiling app.c...
compiling hal_key.c...
compiling hal_gray.c...
compiling hal_imu.c...
compiling duty_chess.c...
compiling K230.c...
compiling Delay.c...
compiling Buzzer.c...
compiling Laser.c...
compiling Servo.c...
compiling StepperMotor.c...
compiling interrupt_config.c...
linking...
Program Size: Code=52776 RO-data=13212 RW-data=1184 ZI-data=5928  
FromELF: creating hex file...
".\Objects\empty_LP_MSPM0G3507_nortos_keil.axf" - 0 Error(s), 0 Warning(s).

<h2>Software Packages used:</h2>

Package Vendor: TexasInstruments
                https://software-dl.ti.com/msp430/esd/MSPM0-CMSIS/MSPM0G1X0X_G3X0X/latest/exports/TexasInstruments.MSPM0G1X0X_G3X0X_DFP.1.3.1.pack
                TexasInstruments::MSPM0G1X0X_G3X0X_DFP@1.3.1
                Device Family Pack for Texas Instruments MSPM0G1X0X_G3X0X Series

<h2>Collection of Component include folders:</h2>

<h2>Collection of Component Files used:</h2>
Build Time Elapsed:  00:00:21
</pre>
</body>
</html>
