<html>
<body>
<pre>
<h1>µVision Build Log</h1>
<h2>Tool Versions:</h2>
IDE-Version: ÂµVision V5.42.0.0
Copyright (C) 2025 ARM Ltd and ARM Germany GmbH. All rights reserved.
License Information: a Windows, HP Inc., LIC=03C6R-KQ31D-GKBBG-VJ1ZY-2SW42-X9YLJ
 
Tool Versions:
Toolchain:       MDK-ARM Plus  Version: 5.42.0.0
Toolchain Path:  D:\Keil_v5\ARM\ARMCLANG\Bin
C Compiler:      ArmClang.exe V6.23
Assembler:       Armasm.exe V6.23
Linker/Locator:  ArmLink.exe V6.23
Library Manager: ArmAr.exe V6.23
Hex Converter:   FromElf.exe V6.23
CPU DLL:         SARMCM3.DLL V5.42.0.0
Dialog DLL:      DARMCM1.DLL V1.19.6.0
Target DLL:      CMSIS_AGDI.dll V1.33.22.0
Dialog DLL:      TARMCM1.DLL V1.14.6.0
 
<h2>Project:</h2>
D:\TI\M0_SDK\mspm0_sdk_2_02_00_05\MSPM0G3507_Project_template\keil\hardwave_spi_oled.uvprojx
Project File Date:  05/13/2026

<h2>Output:</h2>
*** Using Compiler 'V6.23', folder: 'D:\Keil_v5\ARM\ARMCLANG\Bin'
Rebuild target 'hardwave_spi_oled'
Before Build - User command #1: cmd.exe /C "D:\TI\M0_SDK\mspm0_sdk_2_02_00_05\tools\keil\syscfg.bat 'D:\TI\M0_SDK\mspm0_sdk_2_02_00_05\MSPM0G3507_Project_template\keil\' ncontroller.syscfg"
Using Sysconfig Tool from "D:\TI\SYSCONFIG\sysconfig_cli.bat"
"Update the file located at <sdk path>/tools/keil/syscfg.bat to use a different version"
Running script...
Validating...
info: ADC12_0(/ti/driverlib/ADC12) totalConversionRate: When Power Down Mode is set to Auto, ADC wakeup time may need to be considered in each sample window. Refer to the device specific data sheet for specifications on the ADC Wakeup Time.
info: PWM_0(/ti/driverlib/PWM): Peripheral does not retain register contents in STOP or STANDBY modes. User should take care to save and restore register configuration in application. See Retention Configuration section for more details.
info: SPI_0(/ti/driverlib/SPI): Peripheral does not retain register contents in STOP or STANDBY modes. User should take care to save and restore register configuration in application. See Retention Configuration section for more details.
info: SPI_FOR_IMU(/ti/driverlib/SPI): Peripheral does not retain register contents in STOP or STANDBY modes. User should take care to save and restore register configuration in application. See Retention Configuration section for more details.
info: TIMER_1(/ti/driverlib/TIMER): Peripheral does not retain register contents in STOP or STANDBY modes. User should take care to save and restore register configuration in application. See Retention Configuration section for more details.
info: TIMER_2(/ti/driverlib/TIMER): Peripheral does not retain register contents in STOP or STANDBY modes. User should take care to save and restore register configuration in application. See Retention Configuration section for more details.
info: UART_2(/ti/driverlib/UART): Peripheral does not retain register contents in STOP or STANDBY modes. User should take care to save and restore register configuration in application. See Retention Configuration section for more details.
Generating Code (ncontroller.syscfg)...
Unchanged D:\TI\M0_SDK\mspm0_sdk_2_02_00_05\MSPM0G3507_Project_template\ti_msp_dl_config.c...
Unchanged D:\TI\M0_SDK\mspm0_sdk_2_02_00_05\MSPM0G3507_Project_template\ti_msp_dl_config.h...
Unchanged D:\TI\M0_SDK\mspm0_sdk_2_02_00_05\MSPM0G3507_Project_template\Event.dot...
compiling glcdfont.c...
compiling drv_oled.c...
compiling ssd1306.c...
compiling drv_spi.c...
compiling hal_led.c...
compiling hal_key.c...
compiling hal_beep.c...
compiling hal_timer.c...
compiling hal_encode.c...
compiling hal_tb6612.c...
compiling hal_delay.c...
compiling hal_uart.c...
compiling hal_math.c...
compiling hal_motor.c...
compiling hal_jy62.c...
compiling hal_gray.c...
compiling hal_pid.c...
compiling hal_vofa.c...
compiling zf_common_fifo.c...
compiling hal_at24c02.c...
compiling lcd.c...
compiling lcd_init.c...
compiling mt_test.c...
compiling mt_flag.c...
compiling user_interrupt.c...
assembling startup_mspm0g350x_uvision.s...
compiling main.c...
compiling ti_msp_dl_config.c...
compiling seekfree_assistant.c...
compiling app.c...
compiling seekfree_uart.c...
compiling move_filter.c...
compiling OS_System.c...
compiling cpu.c...
compiling 2024DS_Duty.c...
compiling zf_device_imu_interface.c...
compiling zf_common_debug.c...
compiling zf_device_imu660ra.c...
compiling zf_common_function.c...
compiling dl_adc12.c...
compiling imu_filter.c...
compiling dl_aes.c...
compiling dl_aesadv.c...
compiling dl_common.c...
compiling dl_crc.c...
compiling dl_crcp.c...
compiling dl_dac12.c...
compiling dl_dma.c...
compiling dl_flashctl.c...
compiling dl_keystorectl.c...
compiling dl_i2c.c...
compiling dl_lcd.c...
compiling dl_lfss.c...
compiling dl_mathacl.c...
compiling dl_opa.c...
compiling dl_rtc_common.c...
compiling dl_mcan.c...
compiling dl_spi.c...
compiling dl_sysctl_mspm0g1x0x_g3x0x.c...
compiling dl_timer.c...
compiling dl_trng.c...
compiling dl_uart.c...
compiling dl_vref.c...
linking...
Program Size: Code=39792 RO-data=3608 RW-data=1076 ZI-data=3660  
FromELF: creating hex file...
".\Objects\ncontroller.axf" - 0 Error(s), 0 Warning(s).

<h2>Software Packages used:</h2>

Package Vendor: TexasInstruments
                https://software-dl.ti.com/msp430/esd/MSPM0-CMSIS/MSPM0G1X0X_G3X0X/latest/exports/TexasInstruments.MSPM0G1X0X_G3X0X_DFP.1.3.1.pack
                TexasInstruments::MSPM0G1X0X_G3X0X_DFP@1.3.1
                Device Family Pack for Texas Instruments MSPM0G1X0X_G3X0X Series

<h2>Collection of Component include folders:</h2>

<h2>Collection of Component Files used:</h2>
Build Time Elapsed:  00:00:23
</pre>
</body>
</html>
